[    0.000000] Initializing cgroup subsys cpuset
[    0.000000] Initializing cgroup subsys cpu
[    0.000000] Initializing cgroup subsys cpuacct
[    0.000000] Linux version 4.4.0-169-generic (buildd@lgw01-amd64-038) (gcc version 5.4.0 20160609 (Ubuntu 5.4.0-6ubuntu1~16.04.12) ) #198-Ubuntu SMP Tue Nov 12 10:38:00 UTC 2019 (Ubuntu 4.4.0-169.198-generic 4.4.197)
[    0.000000] Command line: BOOT_IMAGE=/boot/vmlinuz-4.4.0-169-generic root=LABEL=cloudimg-rootfs ro console=tty1 console=ttyS0
[    0.000000] KERNEL supported cpus:
[    0.000000]   Intel GenuineIntel
[    0.000000]   AMD AuthenticAMD
[    0.000000]   Centaur CentaurHauls
[    0.000000] x86/fpu: xstate_offset[2]:  576, xstate_sizes[2]:  256
[    0.000000] x86/fpu: Supporting XSAVE feature 0x01: 'x87 floating point registers'
[    0.000000] x86/fpu: Supporting XSAVE feature 0x02: 'SSE registers'
[    0.000000] x86/fpu: Supporting XSAVE feature 0x04: 'AVX registers'
[    0.000000] x86/fpu: Enabled xstate features 0x7, context size is 832 bytes, using 'standard' format.
[    0.000000] e820: BIOS-provided physical RAM map:
[    0.000000] BIOS-e820: [mem 0x0000000000000000-0x000000000009fbff] usable
[    0.000000] BIOS-e820: [mem 0x000000000009fc00-0x000000000009ffff] reserved
[    0.000000] BIOS-e820: [mem 0x00000000000f0000-0x00000000000fffff] reserved
[    0.000000] BIOS-e820: [mem 0x0000000000100000-0x000000003ffeffff] usable
[    0.000000] BIOS-e820: [mem 0x000000003fff0000-0x000000003fffffff] ACPI data
[    0.000000] BIOS-e820: [mem 0x00000000fec00000-0x00000000fec00fff] reserved
[    0.000000] BIOS-e820: [mem 0x00000000fee00000-0x00000000fee00fff] reserved
[    0.000000] BIOS-e820: [mem 0x00000000fffc0000-0x00000000ffffffff] reserved
[    0.000000] NX (Execute Disable) protection: active
[    0.000000] SMBIOS 2.5 present.
[    0.000000] Hypervisor detected: KVM
[    0.000000] Kernel/User page tables isolation: disabled
[    0.000000] e820: last_pfn = 0x3fff0 max_arch_pfn = 0x400000000
[    0.000000] MTRR: Disabled
[    0.000000] x86/PAT: MTRRs disabled, skipping PAT initialization too.
[    0.000000] CPU MTRRs all blank - virtualized system.
[    0.000000] x86/PAT: Configuration [0-7]: WB  WT  UC- UC  WB  WT  UC- UC  
[    0.000000] found SMP MP-table at [mem 0x0009fff0-0x0009ffff] mapped at [ffff88000009fff0]
[    0.000000] Scanning 1 areas for low memory corruption
[    0.000000] RAMDISK: [mem 0x362f2000-0x37170fff]
[    0.000000] ACPI: Early table checksum verification disabled
[    0.000000] ACPI: RSDP 0x00000000000E0000 000024 (v02 VBOX  )
[    0.000000] ACPI: XSDT 0x000000003FFF0030 00003C (v01 VBOX   VBOXXSDT 00000001 ASL  00000061)
[    0.000000] ACPI: FACP 0x000000003FFF00F0 0000F4 (v04 VBOX   VBOXFACP 00000001 ASL  00000061)
[    0.000000] ACPI: DSDT 0x000000003FFF0470 0022EA (v02 VBOX   VBOXBIOS 00000002 INTL 20100528)
[    0.000000] ACPI: FACS 0x000000003FFF0200 000040
[    0.000000] ACPI: FACS 0x000000003FFF0200 000040
[    0.000000] ACPI: APIC 0x000000003FFF0240 00005C (v02 VBOX   VBOXAPIC 00000001 ASL  00000061)
[    0.000000] ACPI: SSDT 0x000000003FFF02A0 0001CC (v01 VBOX   VBOXCPUT 00000002 INTL 20100528)
[    0.000000] No NUMA configuration found
[    0.000000] Faking a node at [mem 0x0000000000000000-0x000000003ffeffff]
[    0.000000] NODE_DATA(0) allocated [mem 0x3ffeb000-0x3ffeffff]
[    0.000000] kvm-clock: Using msrs 4b564d01 and 4b564d00
[    0.000000] kvm-clock: cpu 0, msr 0:3ffe3001, primary cpu clock
[    0.000000] kvm-clock: using sched offset of 4081639406 cycles
[    0.000000] clocksource: kvm-clock: mask: 0xffffffffffffffff max_cycles: 0x1cd42e4dffb, max_idle_ns: 881590591483 ns
[    0.000000] Zone ranges:
[    0.000000]   DMA      [mem 0x0000000000001000-0x0000000000ffffff]
[    0.000000]   DMA32    [mem 0x0000000001000000-0x000000003ffeffff]
[    0.000000]   Normal   empty
[    0.000000]   Device   empty
[    0.000000] Movable zone start for each node
[    0.000000] Early memory node ranges
[    0.000000]   node   0: [mem 0x0000000000001000-0x000000000009efff]
[    0.000000]   node   0: [mem 0x0000000000100000-0x000000003ffeffff]
[    0.000000] Initmem setup node 0 [mem 0x0000000000001000-0x000000003ffeffff]
[    0.000000] ACPI: PM-Timer IO Port: 0x4008
[    0.000000] IOAPIC[0]: apic_id 2, version 32, address 0xfec00000, GSI 0-23
[    0.000000] ACPI: INT_SRC_OVR (bus 0 bus_irq 0 global_irq 2 dfl dfl)
[    0.000000] ACPI: INT_SRC_OVR (bus 0 bus_irq 9 global_irq 9 low level)
[    0.000000] Using ACPI (MADT) for SMP configuration information
[    0.000000] smpboot: Allowing 2 CPUs, 0 hotplug CPUs
[    0.000000] PM: Registered nosave memory: [mem 0x00000000-0x00000fff]
[    0.000000] PM: Registered nosave memory: [mem 0x0009f000-0x0009ffff]
[    0.000000] PM: Registered nosave memory: [mem 0x000a0000-0x000effff]
[    0.000000] PM: Registered nosave memory: [mem 0x000f0000-0x000fffff]
[    0.000000] e820: [mem 0x40000000-0xfebfffff] available for PCI devices
[    0.000000] Booting paravirtualized kernel on KVM
[    0.000000] clocksource: refined-jiffies: mask: 0xffffffff max_cycles: 0xffffffff, max_idle_ns: 7645519600211568 ns
[    0.000000] setup_percpu: NR_CPUS:512 nr_cpumask_bits:512 nr_cpu_ids:2 nr_node_ids:1
[    0.000000] PERCPU: Embedded 33 pages/cpu @ffff88003fc00000 s95448 r8192 d31528 u1048576
[    0.000000] Built 1 zonelists in Node order, mobility grouping on.  Total pages: 257912
[    0.000000] Policy zone: DMA32
[    0.000000] Kernel command line: BOOT_IMAGE=/boot/vmlinuz-4.4.0-169-generic root=LABEL=cloudimg-rootfs ro console=tty1 console=ttyS0
[    0.000000] PID hash table entries: 4096 (order: 3, 32768 bytes)
[    0.000000] Memory: 997712K/1048120K available (8623K kernel code, 1336K rwdata, 4036K rodata, 1488K init, 1288K bss, 50408K reserved, 0K cma-reserved)
[    0.000000] SLUB: HWalign=64, Order=0-3, MinObjects=0, CPUs=2, Nodes=1
[    0.000000] Hierarchical RCU implementation.
[    0.000000] 	Build-time adjustment of leaf fanout to 64.
[    0.000000] 	RCU restricting CPUs from NR_CPUS=512 to nr_cpu_ids=2.
[    0.000000] RCU: Adjusting geometry for rcu_fanout_leaf=64, nr_cpu_ids=2
[    0.000000] NR_IRQS:33024 nr_irqs:440 16
[    0.000000] Console: colour VGA+ 80x25
[    0.000000] console [tty1] enabled
[    0.000000] console [ttyS0] enabled
[    0.000000] tsc: Detected 1992.001 MHz processor
[    0.414177] Calibrating delay loop (skipped) preset value.. 3984.00 BogoMIPS (lpj=7968004)
[    0.418871] pid_max: default: 32768 minimum: 301
[    0.421452] ACPI: Core revision 20150930
[    0.427091] ACPI: 2 ACPI AML tables successfully acquired and loaded
[    0.430518] Security Framework initialized
[    0.432115] Yama: becoming mindful.
[    0.433757] AppArmor: AppArmor initialized
[    0.436050] Dentry cache hash table entries: 131072 (order: 8, 1048576 bytes)
[    0.439658] Inode-cache hash table entries: 65536 (order: 7, 524288 bytes)
[    0.448692] Mount-cache hash table entries: 2048 (order: 2, 16384 bytes)
[    0.452780] Mountpoint-cache hash table entries: 2048 (order: 2, 16384 bytes)
[    0.458952] Initializing cgroup subsys io
[    0.463111] Initializing cgroup subsys memory
[    0.467535] Initializing cgroup subsys devices
[    0.471833] Initializing cgroup subsys freezer
[    0.476291] Initializing cgroup subsys net_cls
[    0.480636] Initializing cgroup subsys perf_event
[    0.483225] Initializing cgroup subsys net_prio
[    0.485866] Initializing cgroup subsys hugetlb
[    0.488251] Initializing cgroup subsys pids
[    0.493505] mce: CPU supports 0 MCE banks
[    0.495790] Last level iTLB entries: 4KB 64, 2MB 8, 4MB 8
[    0.498528] Last level dTLB entries: 4KB 64, 2MB 0, 4MB 0, 1GB 4
[    0.502000] Spectre V1 : Mitigation: usercopy/swapgs barriers and __user pointer sanitization
[    0.506653] Spectre V2 : Mitigation: Full generic retpoline
[    0.509632] Spectre V2 : Spectre v2 / SpectreRSB mitigation: Filling RSB on context switch
[    0.514127] Speculative Store Bypass: Vulnerable
[    0.516601] MDS: Mitigation: Clear CPU buffers
[    0.524687] Freeing SMP alternatives memory: 36K
[    0.540367] ftrace: allocating 32301 entries in 127 pages
[    0.670695] smpboot: APIC(0) Converting physical 0 to logical package 0
[    0.673123] smpboot: Max logical packages: 1
[    0.674953] x2apic enabled
[    0.676772] Switched APIC routing to physical x2apic.
[    0.680238] ..TIMER: vector=0x30 apic1=0 pin1=2 apic2=-1 pin2=-1
[    0.789920] smpboot: CPU0: Intel(R) Core(TM) i7-8565U CPU @ 1.80GHz (family: 0x6, model: 0x8e, stepping: 0xb)
[    0.794072] Performance Events: unsupported p6 CPU model 142 no PMU driver, software events only.
[    0.813498] KVM setup paravirtual spinlock
[    0.817574] x86: Booting SMP configuration:
[    0.820070] .... node  #0, CPUs:      #1
[    0.822536] kvm-clock: cpu 1, msr 0:3ffe3041, secondary cpu clock
[    0.825839] mce: CPU supports 0 MCE banks
[    0.828697] x86: Booted up 1 node, 2 CPUs
[    0.830716] smpboot: Total of 2 processors activated (7968.00 BogoMIPS)
[    0.832863] devtmpfs: initialized
[    0.835136] evm: security.selinux
[    0.836256] evm: security.SMACK64
[    0.837243] evm: security.SMACK64EXEC
[    0.838556] evm: security.SMACK64TRANSMUTE
[    0.839637] evm: security.SMACK64MMAP
[    0.840704] evm: security.ima
[    0.841760] evm: security.capability
[    0.843282] clocksource: jiffies: mask: 0xffffffff max_cycles: 0xffffffff, max_idle_ns: 7645041785100000 ns
[    0.846274] futex hash table entries: 512 (order: 3, 32768 bytes)
[    0.848110] pinctrl core: initialized pinctrl subsystem
[    0.849661] RTC time:  7:57:36, date: 11/27/19
[    0.856370] NET: Registered protocol family 16
[    0.870169] cpuidle: using governor ladder
[    0.883371] cpuidle: using governor menu
[    0.886034] PCCT header not found.
[    0.888211] ACPI: bus type PCI registered
[    0.889938] acpiphp: ACPI Hot Plug PCI Controller Driver version: 0.5
[    0.892418] PCI: Using configuration type 1 for base access
[    0.908823] ACPI: Added _OSI(Module Device)
[    0.911170] ACPI: Added _OSI(Processor Device)
[    0.913642] ACPI: Added _OSI(3.0 _SCP Extensions)
[    0.915994] ACPI: Added _OSI(Processor Aggregator Device)
[    0.920076] ACPI: Executed 1 blocks of module-level executable AML code
[    0.928090] ACPI: Interpreter enabled
[    0.930061] ACPI: (supports S0 S5)
[    0.931984] ACPI: Using IOAPIC for interrupt routing
[    0.934809] PCI: Using host bridge windows from ACPI; if necessary, use "pci=nocrs" and report a bug
[    0.947824] ACPI: PCI Root Bridge [PCI0] (domain 0000 [bus 00-ff])
[    0.950637] acpi PNP0A03:00: _OSC: OS supports [ASPM ClockPM Segments MSI]
[    0.957196] acpi PNP0A03:00: _OSC: not requesting OS control; OS requires [ExtendedConfig ASPM ClockPM MSI]
[    0.964685] acpi PNP0A03:00: fail to add MMCONFIG information, can't access extended PCI configuration space under this bridge.
[    0.972650] PCI host bridge to bus 0000:00
[    0.974939] pci_bus 0000:00: root bus resource [io  0x0000-0x0cf7 window]
[    0.977511] pci_bus 0000:00: root bus resource [io  0x0d00-0xffff window]
[    0.980263] pci_bus 0000:00: root bus resource [mem 0x000a0000-0x000bffff window]
[    0.983630] pci_bus 0000:00: root bus resource [mem 0x40000000-0xfdffffff window]
[    0.986806] pci_bus 0000:00: root bus resource [bus 00-ff]
[    0.992091] pci 0000:00:01.1: legacy IDE quirk: reg 0x10: [io  0x01f0-0x01f7]
[    0.994777] pci 0000:00:01.1: legacy IDE quirk: reg 0x14: [io  0x03f6]
[    0.997272] pci 0000:00:01.1: legacy IDE quirk: reg 0x18: [io  0x0170-0x0177]
[    1.000471] pci 0000:00:01.1: legacy IDE quirk: reg 0x1c: [io  0x0376]
[    1.059718] pci 0000:00:07.0: quirk: [io  0x4000-0x403f] claimed by PIIX4 ACPI
[    1.063635] pci 0000:00:07.0: quirk: [io  0x4100-0x410f] claimed by PIIX4 SMB
[    1.084640] ACPI: PCI Interrupt Link [LNKA] (IRQs 5 9 10 *11)
[    1.092475] ACPI: PCI Interrupt Link [LNKB] (IRQs 5 9 *10 11)
[    1.100115] ACPI: PCI Interrupt Link [LNKC] (IRQs 5 *9 10 11)
[    1.107474] ACPI: PCI Interrupt Link [LNKD] (IRQs 5 9 10 *11)
[    1.112940] ACPI: Enabled 2 GPEs in block 00 to 07
[    1.116511] vgaarb: setting as boot device: PCI:0000:00:02.0
[    1.119537] vgaarb: device added: PCI:0000:00:02.0,decodes=io+mem,owns=io+mem,locks=none
[    1.123989] vgaarb: loaded
[    1.125937] vgaarb: bridge control possible 0000:00:02.0
[    1.129444] SCSI subsystem initialized
[    1.132149] ACPI: bus type USB registered
[    1.134725] usbcore: registered new interface driver usbfs
[    1.138183] usbcore: registered new interface driver hub
[    1.141939] usbcore: registered new device driver usb
[    1.147671] PCI: Using ACPI for IRQ routing
[    1.152862] NetLabel: Initializing
[    1.155988] NetLabel:  domain hash size = 128
[    1.160143] NetLabel:  protocols = UNLABELED CIPSOv4
[    1.164858] NetLabel:  unlabeled traffic allowed by default
[    1.170486] amd_nb: Cannot enumerate AMD northbridges
[    1.175449] clocksource: Switched to clocksource kvm-clock
[    1.211744] AppArmor: AppArmor Filesystem Enabled
[    1.214677] pnp: PnP ACPI init
[    1.218534] pnp: PnP ACPI: found 3 devices
[    1.245391] clocksource: acpi_pm: mask: 0xffffff max_cycles: 0xffffff, max_idle_ns: 2085701024 ns
[    1.250403] NET: Registered protocol family 2
[    1.253051] TCP established hash table entries: 8192 (order: 4, 65536 bytes)
[    1.256673] TCP bind hash table entries: 8192 (order: 5, 131072 bytes)
[    1.260177] TCP: Hash tables configured (established 8192 bind 8192)
[    1.269671] UDP hash table entries: 512 (order: 2, 16384 bytes)
[    1.272816] UDP-Lite hash table entries: 512 (order: 2, 16384 bytes)
[    1.276101] NET: Registered protocol family 1
[    1.278670] pci 0000:00:00.0: Limiting direct PCI/PCI transfers
[    1.281889] pci 0000:00:01.0: Activating ISA DMA hang workarounds
[    1.285299] Unpacking initramfs...
[    1.767761] Freeing initrd memory: 14844K
[    1.770206] clocksource: tsc: mask: 0xffffffffffffffff max_cycles: 0x396d54029a7, max_idle_ns: 881590429682 ns
[    1.776213] platform rtc_cmos: registered platform RTC device (no PNP device found)
[    1.780319] Scanning for low memory corruption every 60 seconds
[    1.784197] audit: initializing netlink subsys (disabled)
[    1.787165] audit: type=2000 audit(1574841462.701:1): initialized
[    1.790818] Initialise system trusted keyring
[    1.793698] HugeTLB registered 2 MB page size, pre-allocated 0 pages
[    1.799286] zbud: loaded
[    1.801854] VFS: Disk quotas dquot_6.6.0
[    1.803846] VFS: Dquot-cache hash table entries: 512 (order 0, 4096 bytes)
[    1.806909] squashfs: version 4.0 (2009/01/31) Phillip Lougher
[    1.809735] fuse init (API version 7.23)
[    1.811801] Key type big_key registered
[    1.813760] Allocating IMA MOK and blacklist keyrings.
[    1.823152] Key type asymmetric registered
[    1.824884] Asymmetric key parser 'x509' registered
[    1.826562] Block layer SCSI generic (bsg) driver version 0.4 loaded (major 249)
[    1.829348] io scheduler noop registered
[    1.832058] io scheduler deadline registered (default)
[    1.836223] io scheduler cfq registered
[    1.840121] pci_hotplug: PCI Hot Plug PCI Core version: 0.5
[    1.844780] pciehp: PCI Express Hot Plug Controller Driver version: 0.4
[    1.850036] ACPI: AC Adapter [AC] (off-line)
[    1.853971] input: Power Button as /devices/LNXSYSTM:00/LNXPWRBN:00/input/input0
[    1.860393] ACPI: Power Button [PWRF]
[    1.863718] input: Sleep Button as /devices/LNXSYSTM:00/LNXSLPBN:00/input/input1
[    1.870027] ACPI: Sleep Button [SLPF]
[    1.873879] GHES: HEST is not enabled!
[    1.876167] ACPI: Battery Slot [BAT0] (battery present)
[    1.881469] Serial: 8250/16550 driver, 32 ports, IRQ sharing enabled
[    1.908374] 00:02: ttyS0 at I/O 0x3f8 (irq = 4, base_baud = 115200) is a 16550A
[    1.926005] Linux agpgart interface v0.103
[    1.936915] loop: module loaded
[    1.941807] scsi host0: ata_piix
[    1.945282] scsi host1: ata_piix
[    1.948113] ata1: PATA max UDMA/33 cmd 0x1f0 ctl 0x3f6 bmdma 0xd000 irq 14
[    1.954597] ata2: PATA max UDMA/33 cmd 0x170 ctl 0x376 bmdma 0xd008 irq 15
[    1.959854] libphy: Fixed MDIO Bus: probed
[    1.964028] tun: Universal TUN/TAP device driver, 1.6
[    1.967990] tun: (C) 1999-2004 Max Krasnyansky <maxk@qualcomm.com>
[    1.973580] PPP generic driver version 2.4.2
[    1.977841] ehci_hcd: USB 2.0 'Enhanced' Host Controller (EHCI) Driver
[    1.982985] ehci-pci: EHCI PCI platform driver
[    1.986734] ehci-platform: EHCI generic platform driver
[    1.991052] ohci_hcd: USB 1.1 'Open' Host Controller (OHCI) Driver
[    1.995519] ohci-pci: OHCI PCI platform driver
[    1.999175] ohci-platform: OHCI generic platform driver
[    2.003170] uhci_hcd: USB Universal Host Controller Interface driver
[    2.008690] i8042: PNP: PS/2 Controller [PNP0303:PS2K,PNP0f03:PS2M] at 0x60,0x64 irq 1,12
[    2.014230] serio: i8042 KBD port at 0x60,0x64 irq 1
[    2.016587] serio: i8042 AUX port at 0x60,0x64 irq 12
[    2.019725] mousedev: PS/2 mouse device common for all mice
[    2.021340] input: AT Translated Set 2 keyboard as /devices/platform/i8042/serio0/input/input2
[    2.023838] rtc_cmos rtc_cmos: rtc core: registered rtc_cmos as rtc0
[    2.025139] rtc_cmos rtc_cmos: alarms up to one day, 114 bytes nvram
[    2.026488] i2c /dev entries driver
[    2.027664] device-mapper: uevent: version 1.0.3
[    2.028903] device-mapper: ioctl: 4.34.0-ioctl (2015-10-28) initialised: dm-devel@redhat.com
[    2.030915] ledtrig-cpu: registered to indicate activity on CPUs
[    2.032804] NET: Registered protocol family 10
[    2.034451] NET: Registered protocol family 17
[    2.035676] Key type dns_resolver registered
[    2.037860] registered taskstats version 1
[    2.038865] Loading compiled-in X.509 certificates
[    2.040480] Loaded X.509 cert 'Build time autogenerated kernel key: ef3203c14e3994470d47ef6a7e15c1ade40f8e1e'
[    2.042915] zswap: loaded using pool lzo/zbud
[    2.048005] Key type trusted registered
[    2.057926] Key type encrypted registered
[    2.060232] AppArmor: AppArmor sha1 policy hashing enabled
[    2.062826] ima: No TPM chip found, activating TPM-bypass!
[    2.065516] ima: Allocated hash algorithm: sha1
[    2.067718] evm: HMAC attrs: 0x1
[    2.070582]   Magic number: 11:244:977
[    2.072637]   hash matches /build/linux-mU1Buo/linux-4.4.0/drivers/base/power/main.c:515
[    2.076853] rtc_cmos rtc_cmos: setting system clock to 2019-11-27 07:57:38 UTC (1574841458)
[    2.081367] BIOS EDD facility v0.16 2004-Jun-25, 0 devices found
[    2.084928] EDD information not available.
[    2.117192] Freeing unused kernel memory: 1488K
[    2.118658] Write protecting the kernel read-only data: 14336k
[    2.121956] Freeing unused kernel memory: 1604K
[    2.123651] Freeing unused kernel memory: 60K
Loading, please wait...
starting version 229
[    2.161551] random: systemd-udevd: uninitialized urandom read (16 bytes read, 5 bits of entropy available)
[    2.163665] random: udevadm: uninitialized urandom read (16 bytes read, 5 bits of entropy available)
[    2.163725] random: udevadm: uninitialized urandom read (16 bytes read, 5 bits of entropy available)
[    2.187443] random: systemd-udevd: uninitialized urandom read (16 bytes read, 5 bits of entropy available)
[    2.194516] random: systemd-udevd: uninitialized urandom read (16 bytes read, 5 bits of entropy available)
[    2.194739] random: udevadm: uninitialized urandom read (16 bytes read, 5 bits of entropy available)
[    2.194829] random: udevadm: uninitialized urandom read (16 bytes read, 5 bits of entropy available)
[    2.195145] random: udevadm: uninitialized urandom read (16 bytes read, 5 bits of entropy available)
[    2.195263] random: udevadm: uninitialized urandom read (16 bytes read, 5 bits of entropy available)
[    2.195379] random: udevadm: uninitialized urandom read (16 bytes read, 5 bits of entropy available)
[    2.283346] e1000: Intel(R) PRO/1000 Network Driver - version 7.3.21-k8-NAPI
[    2.286728] e1000: Copyright (c) 1999-2006 Intel Corporation.
[    2.292508] Fusion MPT base driver 3.04.20
[    2.294569] Copyright (c) 1999-2008 LSI Corporation
[    2.308857] Fusion MPT SPI Host driver 3.04.20
[    2.340661] AVX2 version of gcm_enc/dec engaged.
[    2.343045] AES CTR mode by8 optimization enabled
[    2.517761] input: ImExPS/2 Generic Explorer Mouse as /devices/platform/i8042/serio1/input/input4
[    2.828907] e1000 0000:00:03.0 eth0: (PCI:33MHz:32-bit) 02:1a:6e:a3:7e:96
[    2.835836] e1000 0000:00:03.0 eth0: Intel(R) PRO/1000 Network Connection
[    2.847225] mptbase: ioc0: Initiating bringup
[    2.947927] ioc0: LSI53C1030 A0: Capabilities={Initiator}
[    3.753567] scsi host2: ioc0: LSI53C1030 A0, FwRev=00000000h, Ports=1, MaxQ=256, IRQ=20
[    4.344631] scsi 2:0:0:0: Direct-Access     VBOX     HARDDISK         1.0  PQ: 0 ANSI: 5
[    4.347458] scsi target2:0:0: Beginning Domain Validation
[    4.351527] scsi target2:0:0: Domain Validation skipping write tests
[    4.353394] scsi target2:0:0: Ending Domain Validation
[    4.354921] scsi target2:0:0: asynchronous
[    4.357229] scsi 2:0:1:0: Direct-Access     VBOX     HARDDISK         1.0  PQ: 0 ANSI: 5
[    4.359479] scsi target2:0:1: Beginning Domain Validation
[    4.364574] scsi target2:0:1: Domain Validation skipping write tests
[    4.366195] scsi target2:0:1: Ending Domain Validation
[    4.385908] scsi target2:0:1: asynchronous
[    4.406187] sd 2:0:0:0: Attached scsi generic sg0 type 0
[    4.407891] sd 2:0:0:0: [sda] 20971520 512-byte logical blocks: (10.7 GB/10.0 GiB)
[    4.410580] sd 2:0:1:0: Attached scsi generic sg1 type 0
[    4.411745] sd 2:0:1:0: [sdb] 20480 512-byte logical blocks: (10.5 MB/10.0 MiB)
[    4.414633] sd 2:0:0:0: [sda] Write Protect is off
[    4.416323] sd 2:0:1:0: [sdb] Write Protect is off
[    4.418354] sd 2:0:0:0: [sda] Incomplete mode parameter data
[    4.420325] sd 2:0:0:0: [sda] Assuming drive cache: write through
[    4.422299] sd 2:0:1:0: [sdb] Incomplete mode parameter data
[    4.424061] sd 2:0:1:0: [sdb] Assuming drive cache: write through
[    4.430276]  sda: sda1
[    4.432968] sd 2:0:0:0: [sda] Attached SCSI disk
[    4.434793] sd 2:0:1:0: [sdb] Attached SCSI disk
[    4.845853] e1000 0000:00:08.0 eth1: (PCI:33MHz:32-bit) 08:00:27:18:f4:0d
[    4.852251] e1000 0000:00:08.0 eth1: Intel(R) PRO/1000 Network Connection
[    4.865239] e1000 0000:00:03.0 enp0s3: renamed from eth0
[    4.889448] e1000 0000:00:08.0 enp0s8: renamed from eth1
Begin: Loading essential drivers ... [    6.998731] md: linear personality registered for level -1
[    7.004328] md: multipath personality registered for level -4
[    7.009564] md: raid0 personality registered for level 0
[    7.019240] md: raid1 personality registered for level 1
[    7.095510] raid6: sse2x1   gen()  5571 MB/s
[    7.163468] raid6: sse2x1   xor()  4071 MB/s
[    7.231453] raid6: sse2x2   gen()  6846 MB/s
[    7.299590] raid6: sse2x2   xor()  4902 MB/s
[    7.368205] raid6: sse2x4   gen()  6757 MB/s
[    7.439521] raid6: sse2x4   xor()  4657 MB/s
[    7.508358] raid6: avx2x1   gen()  7750 MB/s
[    7.575479] raid6: avx2x2   gen() 11288 MB/s
[    7.644183] raid6: avx2x4   gen() 13171 MB/s
[    7.646375] raid6: using algorithm avx2x4 gen() 13171 MB/s
[    7.649005] raid6: using avx2x2 recovery algorithm
[    7.653241] xor: automatically using best checksumming function:
[    7.691777]    avx       : 11892.000 MB/sec
[    7.696401] async_tx: api initialized (async)
[    7.716739] md: raid6 personality registered for level 6
[    7.719422] md: raid5 personality registered for level 5
[    7.721940] md: raid4 personality registered for level 4
[    7.735882] md: raid10 personality registered for level 10
done.
Begin: Running /scripts/init-premount ... done.
Begin: Mounting root file system ... Begin: Running /scripts/local-top ... done.
Begin: Running /scripts/local-premount ... [    7.799149] Btrfs loaded
Scanning for Btrfs filesystems
done.
Warning: fsck not present, so skipping root file system
[    7.887564] EXT4-fs (sda1): INFO: recovery required on readonly filesystem
[    7.894087] EXT4-fs (sda1): write access will be enabled during recovery
[    8.084597] EXT4-fs (sda1): orphan cleanup on readonly fs
[    8.089149] EXT4-fs (sda1): 2 orphan inodes deleted
[    8.093716] EXT4-fs (sda1): recovery complete
[    8.099739] EXT4-fs (sda1): mounted filesystem with ordered data mode. Opts: (null)
done.
Begin: Running /scripts/local-bottom ... done.
Begin: Running /scripts/init-bottom ... done.
[    8.419202] systemd[1]: systemd 229 running in system mode. (+PAM +AUDIT +SELINUX +IMA +APPARMOR +SMACK +SYSVINIT +UTMP +LIBCRYPTSETUP +GCRYPT +GNUTLS +ACL +XZ -LZ4 +SECCOMP +BLKID +ELFUTILS +KMOD -IDN)
[    8.441549] systemd[1]: Detected virtualization oracle.
[    8.445305] systemd[1]: Detected architecture x86-64.

Welcome to [1mUbuntu 16.04.6 LTS[0m!

[    8.455190] systemd[1]: Set hostname to <ubuntu-xenial>.
[    8.946164] systemd[1]: Listening on udev Control Socket.
[[0;32m  OK  [0m] Listening on udev Control Socket.
[    8.969959] systemd[1]: Created slice User and Session Slice.
[[0;32m  OK  [0m] Created slice User and Session Slice.
[    8.991245] systemd[1]: Listening on Device-mapper event daemon FIFOs.
[[0;32m  OK  [0m] Listening on Device-mapper event daemon FIFOs.
[    9.009324] systemd[1]: Listening on Syslog Socket.
[[0;32m  OK  [0m] Listening on Syslog Socket.
[    9.025226] systemd[1]: Started Trigger resolvconf update for networkd DNS.
[[0;32m  OK  [0m] Started Trigger resolvconf update for networkd DNS.
[    9.040947] systemd[1]: Listening on Journal Audit Socket.
[[0;32m  OK  [0m] Listening on Journal Audit Socket.
[    9.050191] systemd[1]: Set up automount Arbitrary Executable File Formats File System Automount Point.
[[0;32m  OK  [0m] Set up automount Arbitrary Executab...ats File System Automount Point.
[    9.065778] systemd[1]: Listening on udev Kernel Socket.
[[0;32m  OK  [0m] Listening on udev Kernel Socket.
[    9.078209] systemd[1]: Reached target User and Group Name Lookups.
[[0;32m  OK  [0m] Reached target User and Group Name Lookups.
[    9.089058] systemd[1]: Listening on /dev/initctl Compatibility Named Pipe.
[[0;32m  OK  [0m] Listening on /dev/initctl Compatibility Named Pipe.
[    9.100515] systemd[1]: Listening on LVM2 metadata daemon socket.
[[0;32m  OK  [0m] Listening on LVM2 metadata daemon socket.
[    9.121734] systemd[1]: Listening on Journal Socket.
[[0;32m  OK  [0m] Listening on Journal Socket.
[    9.132701] systemd[1]: Reached target Encrypted Volumes.
[[0;32m  OK  [0m] Reached target Encrypted Volumes.
[    9.148854] systemd[1]: Reached target Swap.
[[0;32m  OK  [0m] Reached target Swap.
[    9.160016] systemd[1]: Listening on LVM2 poll daemon socket.
[[0;32m  OK  [0m] Listening on LVM2 poll daemon socket.
[    9.174351] systemd[1]: Listening on Journal Socket (/dev/log).
[[0;32m  OK  [0m] Listening on Journal Socket (/dev/log).
[    9.186857] systemd[1]: Started Forward Password Requests to Wall Directory Watch.
[[0;32m  OK  [0m] Started Forward Password Requests to Wall Directory Watch.
[    9.201359] systemd[1]: Reached target System Time Synchronized.
[[0;32m  OK  [0m] Reached target System Time Synchronized.
[    9.213139] systemd[1]: Created slice System Slice.
[[0;32m  OK  [0m] Created slice System Slice.
[    9.236292] systemd[1]: Mounting Huge Pages File System...
         Mounting Huge Pages File System...
[    9.245817] systemd[1]: Mounting POSIX Message Queue File System...
         Mounting POSIX Message Queue File System...
[    9.266461] systemd[1]: Starting Journal Service...
         Starting Journal Service...
[    9.277917] systemd[1]: Starting Create list of required static device nodes for the current kernel...

    9.287692] random: nonblocking pool is initialized
         Starting Create list of required st... nodes for the current kernel...
[    9.294729] systemd[1]: Created slice system-serial\x2dgetty.slice.
[[0;32m  OK  [0m] Created slice system-serial\x2dgetty.slice.
[    9.327849] systemd[1]: Starting Remount Root and Kernel File Systems...
         Starting Remount Root and Kernel File Systems...
[    9.342418] EXT4-fs (sda1): re-mounted. Opts: (null)
[    9.360702] systemd[1]: Starting Uncomplicated firewall...
         Starting Uncomplicated firewall...
[    9.364613] systemd[1]: Starting Load Kernel Modules...
         Starting Load Kernel Modules...
[    9.368536] systemd[1]: Starting Set console keymap...
         Starting Set console keymap...
[    9.373791] systemd[1]: Mounting Debug File System...
         Mounting Debug File System...
[    9.378150] systemd[1]: Starting Monitoring of LVM2 mirrors, snapshots etc. using dmeventd or progress polling...
         Starting Monitoring of LVM2 mirrors... dmeventd or progress polling...
[    9.382620] systemd[1]: Reached target Slices.
[    9.385044] Loading iSCSI transport class v2.0-870.
[[0;32m  OK  [0m] Reached target Slices.
[    9.395171] systemd[1]: Starting Nameserver information manager...
         Starting Nameserver information manager...
[    9.400365] systemd[1]: Mounted POSIX Message Queue File System.
[[0;32m  OK  [0m] Mounted POSIX Message Queue File System.
[    9.414058] systemd[1]: Mounted Debug File System.
[[0;32m  OK  [0m] Mounted Debug File System.
[    9.417364] systemd[1]: Mounted Huge Pages File System.
[[0;32m  OK  [0m] Mounted Huge Pages File System.
[    9.421579] systemd[1]: Started Journal Service.
[[0;32m  OK  [0m] Started Journal Service.
[[0;32m  OK  [0m] Started Create list of required sta...ce nodes for the current kernel.
[[0;32m  OK  [0m] Started Remount Root and Kernel File Systems.
[[0;32m  OK  [0m] Started Uncomplicated firewall.
[    9.431966] iscsi: registered transport (tcp)
[[0;32m  OK  [0m] Started Nameserver information manager.
[    9.510705] iscsi: registered transport (iser)
[[0;32m  OK  [0m] Started Load Kernel Modules.
         Mounting FUSE Control File System...
         Starting Apply Kernel Variables...
[[0;32m  OK  [0m] Started LVM2 metadata daemon.
         Starting Load/Save Random Seed...
         Starting udev Coldplug all Devices...
         Starting Create Static Device Nodes in /dev...
         Starting Flush Journal to Persistent Storage...
[[0;32m  OK  [0m] Mounted FUSE Control File System.
[[0;32m  OK  [0m] Started Set console keymap.
[[0;32m  OK  [0m] Started Apply Kernel Variables.
[[0;32m  OK  [0m] Started Load/Save Random Seed.
[[0;32m  OK  [0m] Started Create Static Device Nodes in /dev.
[[0;32m  OK  [0m] Started udev Coldplug all Devices.
[[0;32m  OK  [0m] Started Flush Journal to Persistent Storage.
         Starting udev Kernel Device Manager...
[[0;32m  OK  [0m] Started Monitoring of LVM2 mirrors,...ng dmeventd or progress polling.
[[0;32m  OK  [0m] Started udev Kernel Device Manager.
[[0;32m  OK  [0m] Started Dispatch Password Requests to Console Directory Watch.
[[0;32m  OK  [0m] Reached target Local File Systems (Pre).
[[0;32m  OK  [0m] Reached target Local File Systems.
         Starting Set console font and keymap...
         Starting Initial cloud-init job (pre-networking)...
         Starting LSB: AppArmor initialization...
         Starting Tell Plymouth To Write Out Runtime Data...
         Starting Create Volatile Files and Directories...
[[0;32m  OK  [0m] Started Tell Plymouth To Write Out Runtime Data.
[[0;32m  OK  [0m] Started Create Volatile Files and Directories.
         Starting Update UTMP about System Boot/Shutdown...
[[0;32m  OK  [0m] Started Update UTMP about System Boot/Shutdown.
[[0;32m  OK  [0m] Started LSB: AppArmor initialization.
[[0;32m  OK  [0m] Found device /dev/ttyS0.
[[0;32m  OK  [0m] Listening on Load/Save RF Kill Switch Status /dev/rfkill Watch.
[[0;32m  OK  [0m] Found device 82540EM Gigabit Ethern...r (PRO/1000 MT Desktop Adapter).
[[0;32m  OK  [0m] Found device 82540EM Gigabit Ethern...r (PRO/1000 MT Desktop Adapter).
[   11.561666] cloud-init[486]: Cloud-init v. 19.2-36-g059d049c-0ubuntu2~16.04.1 running 'init-local' at Wed, 27 Nov 2019 07:57:47 +0000. Up 10.93 seconds.
[[0;32m  OK  [0m] Started Initial cloud-init job (pre-networking).
[[0;32m  OK  [0m] Reached target Network (Pre).
[[0;32m  OK  [0m] Started ifup for enp0s3.
         Starting Raise network interfaces...
[[0;32m  OK  [0m] Started ifup for enp0s8.
[[0;32m  OK  [0m] Started Set console font and keymap.
[[0;32m  OK  [0m] Created slice system-getty.slice.
[[0;32m  OK  [0m] Started Raise network interfaces.
[[0;32m  OK  [0m] Reached target Network.
         Starting Initial cloud-init job (metadata service crawler)...
[   13.819470] cloud-init[1081]: Cloud-init v. 19.2-36-g059d049c-0ubuntu2~16.04.1 running 'init' at Wed, 27 Nov 2019 07:57:49 +0000. Up 12.90 seconds.
[   13.830310] cloud-init[1081]: ci-info: ++++++++++++++++++++++++++++++++++++++Net device info+++++++++++++++++++++++++++++++++++++++
[   13.832514] cloud-init[1081]: ci-info: +--------+------+-----------------------------+---------------+--------+-------------------+
[   13.834744] cloud-init[1081]: ci-info: | Device |  Up  |           Address           |      Mask     | Scope  |     Hw-Address    |
[   13.837428] cloud-init[1081]: ci-info: +--------+------+-----------------------------+---------------+--------+-------------------+
[   13.839635] cloud-init[1081]: ci-info: | enp0s3 | True |          10.0.2.15          | 255.255.255.0 | global | 02:1a:6e:a3:7e:96 |
[   13.843824] cloud-init[1081]: ci-info: | enp0s3 | True |  fe80::1a:6eff:fea3:7e96/64 |       .       |  link  | 02:1a:6e:a3:7e:96 |
[   13.848508] cloud-init[1081]: ci-info: | enp0s8 | True |        192.168.33.69        | 255.255.255.0 | global | 08:00:27:18:f4:0d |
[   13.856843] cloud-init[1081]: ci-info: | enp0s8 | True | fe80::a00:27ff:fe18:f40d/64 |       .       |  link  | 08:00:27:18:f4:0d |
[   13.863428] cloud-init[1081]: ci-info: |   lo   | True |          127.0.0.1          |   255.0.0.0   |  host  |         .         |
[   13.866333] cloud-init[1081]: ci-info: |   lo   | True |           ::1/128           |       .       |  host  |         .         |
[   13.869420] cloud-init[1081]: ci-info: +--------+------+-----------------------------+---------------+--------+-------------------+
[   13.873348] cloud-init[1081]: ci-info: ++++++++++++++++++++++++++++Route IPv4 info++++++++++++++++++++++++++++
[   13.878172] cloud-init[1081]: ci-info: +-------+--------------+----------+---------------+-----------+-------+
[   13.882188] cloud-init[1081]: ci-info: | Route | Destination  | Gateway  |    Genmask    | Interface | Flags |
[   13.884952] cloud-init[1081]: ci-info: +-------+--------------+----------+---------------+-----------+-------+
[   13.893510] cloud-init[1081]: ci-info: |   0   |   0.0.0.0    | 10.0.2.2 |    0.0.0.0    |   enp0s3  |   UG  |
[   13.905462] cloud-init[1081]: ci-info: |   1   |   10.0.2.0   | 0.0.0.0  | 255.255.255.0 |   enp0s3  |   U   |
[   13.914449] cloud-init[1081]: ci-info: |   2   | 192.168.33.0 | 0.0.0.0  | 255.255.255.0 |   enp0s8  |   U   |
[   13.916677] cloud-init[1081]: ci-info: +-------+--------------+----------+---------------+-----------+-------+
[   13.926484] cloud-init[1081]: ci-info: +++++++++++++++++++Route IPv6 info+++++++++++++++++++
[   13.937364] cloud-init[1081]: ci-info: +-------+-------------+---------+-----------+-------+
[   13.939438] cloud-init[1081]: ci-info: | Route | Destination | Gateway | Interface | Flags |
[   13.949026] cloud-init[1081]: ci-info: +-------+-------------+---------+-----------+-------+
[   13.957199] cloud-init[1081]: ci-info: |   0   |  fe80::/64  |    ::   |   enp0s3  |   U   |
[   13.961040] cloud-init[1081]: ci-info: |   1   |  fe80::/64  |    ::   |   enp0s8  |   U   |
[   13.964274] cloud-init[1081]: ci-info: |   4   |   ff00::/8  |    ::   |   enp0s3  |   U   |
[   13.966048] cloud-init[1081]: ci-info: |   5   |   ff00::/8  |    ::   |   enp0s8  |   U   |
[   13.972546] cloud-init[1081]: ci-info: +-------+-------------+---------+-----------+-------+
[[0;32m  OK  [0m] Started Initial cloud-init job (metadata service crawler).
[[0;32m  OK  [0m] Reached target Network is Online.
         Starting iSCSI initiator daemon (iscsid)...
[[0;32m  OK  [0m] Reached target Cloud-config availability.
[[0;32m  OK  [0m] Reached target System Initialization.
[[0;32m  OK  [0m] Started Daily apt download activities.
[[0;32m  OK  [0m] Listening on ACPID Listen Socket.
         Starting Socket activation for snappy daemon.
[[0;32m  OK  [0m] Started Daily Cleanup of Temporary Directories.
[[0;32m  OK  [0m] Listening on UUID daemon activation socket.
[[0;32m  OK  [0m] Started Daily apt upgrade and clean activities.
[[0;32m  OK  [0m] Started ACPI Events Check.
[[0;32m  OK  [0m] Reached target Paths.
[[0;32m  OK  [0m] Listening on D-Bus System Message Bus Socket.
[[0;32m  OK  [0m] Started Message of the Day.
[[0;32m  OK  [0m] Reached target Timers.
         Starting LXD - unix socket.
[[0;32m  OK  [0m] Listening on Socket activation for snappy daemon.
[[0;32m  OK  [0m] Listening on LXD - unix socket.
[[0;32m  OK  [0m] Started iSCSI initiator daemon (iscsid).
         Starting Login to default iSCSI targets...
[[0;32m  OK  [0m] Reached target Sockets.
[[0;32m  OK  [0m] Reached target Basic System.
         Starting System Logging Service...
         Starting Virtualbox guest utils...
[[0;32m  OK  [0m] Started Deferred execution scheduler.
         Starting LSB: Record successful boot for GRUB...
         Starting LSB: MD monitoring daemon...
[[0;32m  OK  [0m] Started D-Bus System Message Bus.
[[0;32m  OK  [0m] Started ACPI event daemon.
[[0;32m  OK  [0m] Started FUSE filesystem for LXC.
         Starting LXD - container startup/shutdown...
         Starting The PHP 7.0 FastCGI Process Manager...
         Starting /etc/rc.local Compatibility...
         Starting Accounts Service...
         Starting OpenBSD Secure Shell server...
         Starting Message of the Day...
         Starting Login Service...
[[0;32m  OK  [0m] Started Regular background program processing daemon.
         Starting Snappy daemon...
[[0;32m  OK  [0m] Started System Logging Service.
[[0;32m  OK  [0m] Started /etc/rc.local Compatibility.
[[0;32m  OK  [0m] Started OpenBSD Secure Shell server.
[[0;32m  OK  [0m] Started Login to default iSCSI targets.
[[0;32m  OK  [0m] Started LSB: Record successful boot for GRUB.
[[0;32m  OK  [0m] Started LSB: MD monitoring daemon.
[[0;32m  OK  [0m] Started LXD - container startup/shutdown.
[[0;32m  OK  [0m] Started Login Service.
[[0;32m  OK  [0m] Started Unattended Upgrades Shutdown.
         Starting Authenticate and Authorize Users to Run Privileged Tasks...
[[0;32m  OK  [0m] Reached target Remote File Systems (Pre).
[[0;32m  OK  [0m] Reached target Remote File Systems.
         Starting LSB: Apache2 web server...
         Starting LSB: daemon to balance interrupts for SMP systems...
         Starting LSB: Set the CPU Frequency Scaling governor to "ondemand"...
         Starting LSB: automatic crash report generation...
         Starting Permit User Sessions...
[[0;32m  OK  [0m] Started Permit User Sessions.
         Starting Hold until boot process finishes up...
         Starting Terminate Plymouth Boot Screen...
[[0;32m  OK  [0m] Started LSB: Set the CPU Frequency Scaling governor to "ondemand".
[[0;32m  OK  [0m] Started Hold until boot process finishes up.
[[0;32m  OK  [0m] Started Terminate Plymouth Boot Screen.
[[0;32m  OK  [0m] Started LSB: automatic crash report generation.
[[0;32m  OK  [0m] Started Authenticate and Authorize Users to Run Privileged Tasks.
[[0;32m  OK  [0m] Started Accounts Service.
[[0;32m  OK  [0m] Started Getty on tty1.
         Starting Set console scheme...
[[0;32m  OK  [0m] Started Serial Getty on ttyS0.
[[0;32m  OK  [0m] Reached target Login Prompts.
[[0;32m  OK  [0m] Started Virtualbox guest utils.
[[0;32m  OK  [0m] Started Set console scheme.
[[0;32m  OK  [0m] Started LSB: daemon to balance interrupts for SMP systems.
[[0;32m  OK  [0m] Started Snappy daemon.
         Starting Wait until snapd is fully seeded...
[[0;32m  OK  [0m] Started The PHP 7.0 FastCGI Process Manager.
[[0;32m  OK  [0m] Started Wait until snapd is fully seeded.
         Starting Apply the settings specified in cloud-config...
[[0;32m  OK  [0m] Started LSB: Apache2 web server.
[[0;32m  OK  [0m] Reached target Multi-User System.
[[0;32m  OK  [0m] Reached target Graphical Interface.
         Starting Update UTMP about System Runlevel Changes...
[[0;32m  OK  [0m] Started Update UTMP about System Runlevel Changes.
[   17.020501] cloud-init[1410]: Cloud-init v. 19.2-36-g059d049c-0ubuntu2~16.04.1 running 'modules:config' at Wed, 27 Nov 2019 07:57:53 +0000. Up 16.69 seconds.
[[0;32m  OK  [0m] Started Message of the Day.
[[0;32m  OK  [0m] Started Apply the settings specified in cloud-config.
         Starting Execute cloud user/final scripts...
[   18.270187] cloud-init[1452]: Cloud-init v. 19.2-36-g059d049c-0ubuntu2~16.04.1 running 'modules:final' at Wed, 27 Nov 2019 07:57:54 +0000. Up 18.01 seconds.
[   18.282513] cloud-init[1452]: Cloud-init v. 19.2-36-g059d049c-0ubuntu2~16.04.1 finished at Wed, 27 Nov 2019 07:57:55 +0000. Datasource DataSourceNoCloud [seed=/dev/sdb][dsmode=net].  Up 18.25 seconds
[[0;32m  OK  [0m] Started Execute cloud user/final scripts.
[[0;32m  OK  [0m] Reached target Cloud-init target.

Ubuntu 16.04.6 LTS ubuntu-xenial ttyS0

ubuntu-xenial login: 